// Jest Snapshot v1, https://goo.gl/fbAQLP

exports[`<Catalog /> matches snapshot 1`] = `
<div
  id="catalog-component"
>
  <div
    className="row"
    id="search-section"
  >
    <div
      className="col l3 m4 s12"
    >
      <button
        className="btn-large"
      >
        Categories
      </button>
    </div>
    <div
      className="col l8 m8 s12"
    >
      <input
        placeholder="Search Recipe"
        type="text"
      />
      <a
        className="btn-large"
        href="#"
      >
        <i
          className="material-icons medium"
        >
          search
        </i>
      </a>
    </div>
  </div>
  <div
    className="divider"
    id="main-divider"
  />
  <div
    className="row"
  >
    <div
      className="col l3"
      id="suggestion-section"
    >
      <h5>
        Today
        '
        s Combo
      </h5>
      <div
        className="divider"
      />
      <div
        className="recipe"
      >
        <div
          className="card"
        >
          <div
            className="card-image"
          >
            <img
              alt=""
              src="images/sample_recipes/recipe0116-xl-farro-with-vinegar-glazed-sweet-potato-and-apples.jpg"
            />
          </div>
          <div
            className="card-content"
          >
            <span
              className="card-title"
            >
              Farrow with vinegar, glazed sweet potato and apples
            </span>
            <p>
              I am a very simple card. I am good at containing small  bits of information. I am convenient because I require  little markup to use effectively.
            </p>
          </div>
          <div
            className="card-action"
          >
            <a
              href="#"
            >
              This is a link
            </a>
          </div>
        </div>
      </div>
    </div>
    <div
      className="col l9 s12"
    >
      <h5>
        Featured Recipes
      </h5>
      <div
        className="divider"
        id="gallery-before"
      />
      <div
        className="row"
        id="recipe-gallery"
        style={
          Object {
            "marginLeft": "-0.6em",
            "width": "97%",
          }
        }
      >
        <p>
          There are no recipes in this category
        </p>
      </div>
    </div>
  </div>
  <div
    className="fixed-action-btn"
  >
    <a
      className="btn-floating btn-large"
      onClick={[Function]}
    >
      <i
        className="material-icons"
      >
        add
      </i>
    </a>
  </div>
</div>
`;
