// Jest Snapshot v1, https://goo.gl/fbAQLP

exports[`EditView child component matches snapshot 1`] = `
<div
  className="recipe-details-component"
>
  <div
    className="container-section container"
  >
    <div
      className="row"
      id="recipe-info"
    >
      <div
        className="col s12 l4 images-section"
      >
        <div>
          <i
            className="material-icons prefix"
          >
            mode_edit
          </i>
          <label
            htmlFor="title"
          >
            title
          </label>
          <textarea
            className="materialize-textarea"
            defaultValue=""
            name="title"
            onBlur={[Function]}
            onFocus={[Function]}
            required={true}
            value={undefined}
          />
          <span
            style={
              Object {
                "color": "red",
              }
            }
          />
        </div>
        <div
          className="row"
          style={
            Object {
              "padding": 0,
            }
          }
        />
        <div
          className="col s12 file-field input-field center"
          id="add-more-images"
        >
          <img
            alt="add recipe"
            src="test-file-stub"
          />
          <input
            accept=".jpg, .jpeg, .png"
            disabled={false}
            multiple={true}
            name="add more images"
            onChange={[Function]}
            type="file"
          />
          <span>
            Add more
          </span>
          <span />
        </div>
      </div>
      <div
        className="col s12 offset-l1 l6 description-section"
      >
        <div>
          <i
            className="material-icons prefix"
          >
            mode_edit
          </i>
          <label
            htmlFor="description"
          >
            description
          </label>
          <textarea
            className="materialize-textarea"
            defaultValue=""
            name="description"
            onBlur={[Function]}
            onFocus={[Function]}
            required={true}
            value={undefined}
          />
          <span
            style={
              Object {
                "color": "red",
              }
            }
          />
        </div>
        <div>
          <i
            className="material-icons prefix"
          >
            mode_edit
          </i>
          <label
            htmlFor="ingredients"
          >
            ingredients
          </label>
          <textarea
            className="materialize-textarea"
            defaultValue=""
            name="ingredients"
            onBlur={[Function]}
            onFocus={[Function]}
            required={true}
            value={undefined}
          />
          <span
            style={
              Object {
                "color": "red",
              }
            }
          />
        </div>
        <div>
          <i
            className="material-icons prefix"
          >
            mode_edit
          </i>
          <label
            htmlFor="directions"
          >
            directions
          </label>
          <textarea
            className="materialize-textarea"
            defaultValue=""
            name="directions"
            onBlur={[Function]}
            onFocus={[Function]}
            required={true}
            value={undefined}
          />
          <span
            style={
              Object {
                "color": "red",
              }
            }
          />
        </div>
      </div>
    </div>
  </div>
  <div>
    <div
      className="fixed-action-btn"
      style={
        Object {
          "marginBottom": "3em",
        }
      }
    >
      <a
        className="btn-floating btn-large"
        onClick={undefined}
      >
        <i
          className="large material-icons yellow darken-1"
        >
          cancel
        </i>
      </a>
    </div>
    <div
      className="fixed-action-btn"
      style={
        Object {
          "marginBottom": "7.5rem",
        }
      }
    >
      <a
        className="btn-floating btn-large"
        id="submit-btn"
        onClick={[Function]}
      >
        <i
          className="large material-icons"
        >
          done
        </i>
      </a>
    </div>
  </div>
</div>
`;
