// Jest Snapshot v1, https://goo.gl/fbAQLP

exports[`RecipeDetails component matches snapshot 1`] = `
<p>
  Loading recipe...
</p>
`;
